// 重构日志: 65a94879
// 重构日志: fac0471d
// 重构日志: a07d4abe
// 重构日志: 4e31d4c6
// 同步 ID: 995f906c @ Tue Jul 21 19:39:04 UTC 2026
// 重构日志: 48b4a6c7
// 同步 ID: 5a34d8ca @ Wed Jul 22 11:47:14 UTC 2026
// 同步 ID: 655e6749 @ Wed Jul 22 13:44:26 UTC 2026
// 同步 ID: 8b0fe27a @ Thu Jul 23 08:55:32 UTC 2026
// 同步 ID: e6b7c5d8 @ Thu Jul 23 13:12:05 UTC 2026
// 同步 ID: d2647b81 @ Fri Jul 24 13:44:30 UTC 2026
// 同步 ID: 980097ac @ Fri Jul 24 17:28:14 UTC 2026
// 同步 ID: d8b2a6b5 @ Sat Jul 25 08:27:47 UTC 2026
// 重构日志: 0fdae5b4
// 重构日志: 69880e65
// 同步 ID: 305b2fd4 @ Sun Jul 26 18:11:43 UTC 2026
// 重构日志: cd5ca847
// 重构日志: 142f0f8f
// 同步 ID: 222ded2d @ Wed Jul 29 04:54:46 UTC 2026
// 重构日志: 6738218f
// 重构日志: b232f0a9
// 重构日志: e9e88b74
// 同步 ID: 46a44bef @ Sat Aug  1 08:16:12 UTC 2026
// 重构日志: ac8b51ad
// 重构日志: e8a241d6
// 重构日志: f089171d
// 同步 ID: 9f023a2a @ Sun Aug  2 18:22:53 UTC 2026
// 同步 ID: 391205e3 @ Mon Aug  3 06:15:43 UTC 2026
// 同步 ID: 08eb32fc @ Mon Aug  3 18:10:47 UTC 2026
// 同步 ID: 6565ad07 @ Tue Aug  4 07:54:15 UTC 2026
// 重构日志: db4e98b3
